

=====================================================================
== C:\TCAFiles\Users\ted\153052\DayZServer_x64.exe
== "C:\TCAFiles\Users\ted\153052\DayZServer_x64.exe" -port=2322 -config=serverDZ_By_HostHavoc.cfg -profiles=C:\TCAFiles\Users\ted\153052\HostHavocDayZServer "-servermod=" "-mod=@Spring Namalsk;@Namalsk Island;@Namalsk Survival;@CF;@Dabs Framework;@Community-Online-Tools;@shd_retextures;@Spurgles_BagZ;@sFramework;@sGunplay;@WindstridesClothingPack;@Advanced Weapon Scopes;@VPPAdminTools;@sGunplay_AWS;@Survivor Animations;@DayZ-Bicycle;@DayZ-Dog;@Drones;@SpawnerBubaku;@PseudoGiant;@dbo_spiders;@TFServerPack;@DNA Keycards;@dbo_raptors;" 
=====================================================================
Exe timestamp: 2023/06/20 05:19:39
Current time:  2023/06/23 07:58:29

Version 1.21.156300
 7:58:29.281 [Inputs] Loading inputs default "bin/constants.xml"
 7:58:29.284 [Inputs] Loading inputs default "bin/specific.xml"
 7:58:29.285 [Inputs] Loading inputs default "JM/COT/Scripts/Data/Inputs.xml"
 7:58:29.285 !!! [Inputs] Cannot Register "UAObjectModuleDeleteOnCursor" non-existent input - Fix Preset!
 7:58:29.285 [Inputs] Loading inputs default "MyMODS/sGunplay/scripts/data/inputs.xml"
 7:58:29.286 [Inputs] Loading inputs default "nst/ns_dayz/scripts/Data/Inputs.xml"
 7:58:29.286 [Inputs] Loading inputs default "VPPAdminTools/data/modded_Inputs.xml"
 7:58:29.286 [Inputs] Loading inputs default "WindstrideClothing/Inputs.xml"
 7:58:29.287 [Inputs] Loading inputs default "evg_drones/Inputs.xml"
 7:58:29.287 [Inputs] Loading inputs default "Dayz_Dog/Data/Inputs.xml"
 7:58:29.288 [Inputs] Loading inputs cfg "C:\TCAFiles\Users\ted\153052\HostHavocDayZServer\Users\Survivor\Server.core.xml"
 7:58:29.292 [Inputs] Exporting inputs cfg "C:\TCAFiles\Users\ted\153052\HostHavocDayZServer\Users\Survivor\Server.core.xml"
 7:58:41.429 [CE][Hive] :: Initializing OFFLINE
 7:58:41.429 [StorageDirs] :: Selected storage directory: C:\TCAFiles\Users\ted\153052\mpmissions\hardcore.namalsk\storage_1\
 7:58:41.430 [CE][Hive] :: Loading core data ... 
 7:58:41.430 [CE][CoreData] :: 7 root classes, 0 defaults, 0 updaters...
 7:58:46.298 [CE] :: WARNING :: Preset map "headsFirefighter" is EMPTY.
 7:58:46.299 [CE][TypeSetup] :: 557 classes setuped...
 7:58:50.464 [CE][RegisterBind] :: 0 classes binded...
 7:58:50.465 [CE][RegisterConfig] :: 16393 config classes registered, 0 sub-counters...
 7:58:50.465 [CE][Hive] :: Loading map data ... 
 7:58:50.494 !!! [CE] :: Unknown tag: 'shelves'.
 7:58:50.494 !!! [CE] :: Unknown category: 'books'.
 7:58:50.494 !!! [CE] :: Unknown tag: 'shelves'.
 7:58:50.494 !!! [CE] :: Unknown tag: 'shelves'.
 7:58:50.494 [CE][LoadPrototype] :: loaded 261 prototypes
 7:58:50.494   411 containers, 7544 points
 7:58:50.494   1 dispatches, 1 proxies
 7:58:50.494 !!! [CE][LoadPrototype] 1 groups have wrong points...
 7:58:50.494 !!! [CE][LoadPrototype] 2 groups were defined more than once and skipped...
 7:58:50.494 [CE][LoadPrototype] :: last group name: Land_Prison_Side...
 7:58:50.497 [CE][LoadPrototype] :: loaded 0 prototypes
 7:58:50.497   38 containers, 66 points
 7:58:50.497   0 dispatches, 0 proxies
 7:58:50.497 [CE][LoadPrototype] :: last group name: StoneLoc38...
 7:58:50.532 [CE][LoadMap] "Group" :: loaded 1644 groups, groups failed: 0, largest group range: 36.4
 7:58:50.533 [CE][LoadMap] "Dirt" :: loaded 0 groups, groups failed: 0, largest group range: 36.4
 7:58:50.541 [CE][Links] found 546 total links between groups, of 1644
 7:58:50.541 [CE][LoadClusters] "Cluster" :: Loading files...
 7:58:50.549 [CE][LoadClusters] :: file: "mapgroupcluster.xml", 1 types, 2418 instances
 7:58:50.550 [CE][Storage] ver:21 stamp:4527, valid:yes, name:"C:\TCAFiles\Users\ted\153052\mpmissions\hardcore.namalsk\storage_1\data\types.bin"
 7:58:50.551 [CE][Storage] ver:21 stamp:4525, valid:yes, name:"C:\TCAFiles\Users\ted\153052\mpmissions\hardcore.namalsk\storage_1\data\types.001"
 7:58:50.552 [CE][Storage] ver:21 stamp:4526, valid:yes, name:"C:\TCAFiles\Users\ted\153052\mpmissions\hardcore.namalsk\storage_1\data\types.002"
 7:58:50.552 [CE][Storage] Restoring file "C:\TCAFiles\Users\ted\153052\mpmissions\hardcore.namalsk\storage_1\data\types.bin".
 7:58:50.706 [CE][offlineDB] :: Loaded 25 dynamic events 200 total types.
 7:58:50.719 !!! [CE] :: Unknown tag: 'shelves'.
 7:58:50.719 !!! [CE] :: Unknown tag: 'shelves'.
 7:58:50.719 !!! [CE] :: Unknown tag: 'floor'.
 7:58:50.719 !!! [CE] :: Unknown tag: 'floor'.
 7:58:50.720 !!! [CE] :: Unknown tag: 'floor'.
 7:58:50.720 !!! [CE] :: Unknown tag: 'floor'.
 7:58:50.720 !!! [CE] :: Unknown tag: 'floor'.
 7:58:50.720 !!! [CE] :: Unknown tag: 'floor'.
 7:58:50.720 !!! [CE] :: Unknown tag: 'floor'.
 7:58:50.720 !!! [CE] :: Unknown tag: 'floor'.
 7:58:50.720 !!! [CE] :: Unknown tag: 'floor'.
 7:58:50.720 !!! [CE] :: Unknown tag: 'floor'.
 7:58:50.720 !!! [CE] :: Unknown tag: 'floor'.
 7:58:50.720 !!! [CE] :: Unknown tag: 'floor'.
 7:58:50.720 !!! [CE][offlineDB] :: Type 'Leather_Cloak' will be ignored. (Type does not exist. (Typo?))
 7:58:50.720 !!! [CE] :: Unknown tag: 'floor'.
 7:58:50.721 !!! [CE][offlineDB] :: Type 'AD_LeupoldMk4' will be ignored. (Type does not exist. (Typo?))
 7:58:50.721 !!! [CE][offlineDB] :: Type 'AD_LeupoldMk4_MosinMount' will be ignored. (Type does not exist. (Typo?))
 7:58:50.721 !!! [CE][offlineDB] :: Type 'AD_LeupoldMk4_B13' will be ignored. (Type does not exist. (Typo?))
 7:58:50.721 !!! [CE][offlineDB] :: Type 'ChristmasTree' will be ignored. (Not spawnable. (Scope is not public?))
 7:58:50.728 [CE][DE][SPAWNS] :: Total positions: 254
 7:58:50.728 [CE][DE][GROUPS] :: Total eventgroups defined: 0, Eventgroups in use: 0
 7:58:50.729 [CE][Storage] ver:21 stamp:4527, valid:yes, name:"C:\TCAFiles\Users\ted\153052\mpmissions\hardcore.namalsk\storage_1\data\events.bin"
 7:58:50.730 [CE][Storage] ver:21 stamp:4525, valid:yes, name:"C:\TCAFiles\Users\ted\153052\mpmissions\hardcore.namalsk\storage_1\data\events.001"
 7:58:50.730 [CE][Storage] ver:21 stamp:4526, valid:yes, name:"C:\TCAFiles\Users\ted\153052\mpmissions\hardcore.namalsk\storage_1\data\events.002"
 7:58:50.731 [CE][Storage] Restoring file "C:\TCAFiles\Users\ted\153052\mpmissions\hardcore.namalsk\storage_1\data\events.bin".
 7:58:50.731 [CE][DynamicEvent] Load  Events:[25] Primary spawners: 25 Secondary spawners: 0
 7:58:50.731 [CE][Storage] ver:25 stamp:4527, valid:yes, name:"C:\TCAFiles\Users\ted\153052\mpmissions\hardcore.namalsk\storage_1\data\dynamic_000.bin"
 7:58:50.731 [CE][Storage] ver:25 stamp:4525, valid:yes, name:"C:\TCAFiles\Users\ted\153052\mpmissions\hardcore.namalsk\storage_1\data\dynamic_000.001"
 7:58:50.732 [CE][Storage] ver:25 stamp:4526, valid:yes, name:"C:\TCAFiles\Users\ted\153052\mpmissions\hardcore.namalsk\storage_1\data\dynamic_000.002"
 7:58:50.732 [CE][Storage] Restoring file "C:\TCAFiles\Users\ted\153052\mpmissions\hardcore.namalsk\storage_1\data\dynamic_000.bin" 1 items.
 7:58:50.733   1 items loaded. (0 failed)
 7:58:50.733 [CE][Storage] ver:25 stamp:4527, valid:yes, name:"C:\TCAFiles\Users\ted\153052\mpmissions\hardcore.namalsk\storage_1\data\dynamic_001.bin"
 7:58:50.734 [CE][Storage] ver:25 stamp:4525, valid:yes, name:"C:\TCAFiles\Users\ted\153052\mpmissions\hardcore.namalsk\storage_1\data\dynamic_001.001"
 7:58:50.734 [CE][Storage] ver:25 stamp:4526, valid:yes, name:"C:\TCAFiles\Users\ted\153052\mpmissions\hardcore.namalsk\storage_1\data\dynamic_001.002"
 7:58:50.734 [CE][Storage] Restoring file "C:\TCAFiles\Users\ted\153052\mpmissions\hardcore.namalsk\storage_1\data\dynamic_001.bin" 118 items.
 7:58:50.886   118 items loaded. (0 failed)
 7:58:50.886 [CE][Storage] ver:25 stamp:4527, valid:yes, name:"C:\TCAFiles\Users\ted\153052\mpmissions\hardcore.namalsk\storage_1\data\dynamic_002.bin"
 7:58:50.887 [CE][Storage] ver:25 stamp:4525, valid:yes, name:"C:\TCAFiles\Users\ted\153052\mpmissions\hardcore.namalsk\storage_1\data\dynamic_002.001"
 7:58:50.887 [CE][Storage] ver:25 stamp:4526, valid:yes, name:"C:\TCAFiles\Users\ted\153052\mpmissions\hardcore.namalsk\storage_1\data\dynamic_002.002"
 7:58:50.887 [CE][Storage] Restoring file "C:\TCAFiles\Users\ted\153052\mpmissions\hardcore.namalsk\storage_1\data\dynamic_002.bin" 56 items.
 7:58:50.972   56 items loaded. (0 failed)
 7:58:50.973 [CE][Storage] ver:25 stamp:4527, valid:yes, name:"C:\TCAFiles\Users\ted\153052\mpmissions\hardcore.namalsk\storage_1\data\dynamic_003.bin"
 7:58:50.973 [CE][Storage] ver:25 stamp:4525, valid:yes, name:"C:\TCAFiles\Users\ted\153052\mpmissions\hardcore.namalsk\storage_1\data\dynamic_003.001"
 7:58:50.974 [CE][Storage] ver:25 stamp:4526, valid:yes, name:"C:\TCAFiles\Users\ted\153052\mpmissions\hardcore.namalsk\storage_1\data\dynamic_003.002"
 7:58:50.974 [CE][Storage] Restoring file "C:\TCAFiles\Users\ted\153052\mpmissions\hardcore.namalsk\storage_1\data\dynamic_003.bin" 735 items.
 7:58:51.686   735 items loaded. (0 failed)
 7:58:51.687 [CE][Storage] ver:25 stamp:4527, valid:yes, name:"C:\TCAFiles\Users\ted\153052\mpmissions\hardcore.namalsk\storage_1\data\dynamic_004.bin"
 7:58:51.688 [CE][Storage] ver:25 stamp:4525, valid:yes, name:"C:\TCAFiles\Users\ted\153052\mpmissions\hardcore.namalsk\storage_1\data\dynamic_004.001"
 7:58:51.689 [CE][Storage] ver:25 stamp:4526, valid:yes, name:"C:\TCAFiles\Users\ted\153052\mpmissions\hardcore.namalsk\storage_1\data\dynamic_004.002"
 7:58:51.689 [CE][Storage] Restoring file "C:\TCAFiles\Users\ted\153052\mpmissions\hardcore.namalsk\storage_1\data\dynamic_004.bin" 1309 items.
 7:58:52.703   1309 items loaded. (0 failed)
 7:58:52.704 [CE][Storage] ver:25 stamp:4527, valid:yes, name:"C:\TCAFiles\Users\ted\153052\mpmissions\hardcore.namalsk\storage_1\data\dynamic_005.bin"
 7:58:52.705 [CE][Storage] ver:25 stamp:4525, valid:yes, name:"C:\TCAFiles\Users\ted\153052\mpmissions\hardcore.namalsk\storage_1\data\dynamic_005.001"
 7:58:52.705 [CE][Storage] ver:25 stamp:4526, valid:yes, name:"C:\TCAFiles\Users\ted\153052\mpmissions\hardcore.namalsk\storage_1\data\dynamic_005.002"
 7:58:52.705 [CE][Storage] Restoring file "C:\TCAFiles\Users\ted\153052\mpmissions\hardcore.namalsk\storage_1\data\dynamic_005.bin" 638 items.
 7:58:53.206   638 items loaded. (0 failed)
 7:58:53.207 [CE][Storage] ver:25 stamp:4527, valid:yes, name:"C:\TCAFiles\Users\ted\153052\mpmissions\hardcore.namalsk\storage_1\data\dynamic_006.bin"
 7:58:53.207 [CE][Storage] ver:25 stamp:4525, valid:yes, name:"C:\TCAFiles\Users\ted\153052\mpmissions\hardcore.namalsk\storage_1\data\dynamic_006.001"
 7:58:53.208 [CE][Storage] ver:25 stamp:4526, valid:yes, name:"C:\TCAFiles\Users\ted\153052\mpmissions\hardcore.namalsk\storage_1\data\dynamic_006.002"
 7:58:53.208 [CE][Storage] Restoring file "C:\TCAFiles\Users\ted\153052\mpmissions\hardcore.namalsk\storage_1\data\dynamic_006.bin" 1431 items.
 7:58:54.195   1431 items loaded. (0 failed)
 7:58:54.195 [CE][Storage] ver:25 stamp:4527, valid:yes, name:"C:\TCAFiles\Users\ted\153052\mpmissions\hardcore.namalsk\storage_1\data\dynamic_007.bin"
 7:58:54.196 [CE][Storage] ver:25 stamp:4525, valid:yes, name:"C:\TCAFiles\Users\ted\153052\mpmissions\hardcore.namalsk\storage_1\data\dynamic_007.001"
 7:58:54.197 [CE][Storage] ver:25 stamp:4526, valid:yes, name:"C:\TCAFiles\Users\ted\153052\mpmissions\hardcore.namalsk\storage_1\data\dynamic_007.002"
 7:58:54.197 [CE][Storage] Restoring file "C:\TCAFiles\Users\ted\153052\mpmissions\hardcore.namalsk\storage_1\data\dynamic_007.bin" 503 items.
 7:58:54.505   503 items loaded. (0 failed)
 7:58:54.506 [CE][Storage] ver:25 stamp:4527, valid:yes, name:"C:\TCAFiles\Users\ted\153052\mpmissions\hardcore.namalsk\storage_1\data\dynamic_008.bin"
 7:58:54.507 [CE][Storage] ver:25 stamp:4525, valid:yes, name:"C:\TCAFiles\Users\ted\153052\mpmissions\hardcore.namalsk\storage_1\data\dynamic_008.001"
 7:58:54.507 [CE][Storage] ver:25 stamp:4526, valid:yes, name:"C:\TCAFiles\Users\ted\153052\mpmissions\hardcore.namalsk\storage_1\data\dynamic_008.002"
 7:58:54.507 [CE][Storage] Restoring file "C:\TCAFiles\Users\ted\153052\mpmissions\hardcore.namalsk\storage_1\data\dynamic_008.bin" 352 items.
 7:58:54.735   352 items loaded. (0 failed)
 7:58:54.736 [CE][Storage] ver:25 stamp:4527, valid:yes, name:"C:\TCAFiles\Users\ted\153052\mpmissions\hardcore.namalsk\storage_1\data\dynamic_009.bin"
 7:58:54.737 [CE][Storage] ver:25 stamp:4525, valid:yes, name:"C:\TCAFiles\Users\ted\153052\mpmissions\hardcore.namalsk\storage_1\data\dynamic_009.001"
 7:58:54.737 [CE][Storage] ver:25 stamp:4526, valid:yes, name:"C:\TCAFiles\Users\ted\153052\mpmissions\hardcore.namalsk\storage_1\data\dynamic_009.002"
 7:58:54.737 [CE][Storage] Restoring file "C:\TCAFiles\Users\ted\153052\mpmissions\hardcore.namalsk\storage_1\data\dynamic_009.bin" 0 items.
 7:58:54.737   0 items loaded. (0 failed)
 7:58:54.737 [CE][Storage] ver:25 stamp:4527, valid:yes, name:"C:\TCAFiles\Users\ted\153052\mpmissions\hardcore.namalsk\storage_1\data\dynamic_010.bin"
 7:58:54.738 [CE][Storage] ver:25 stamp:4525, valid:yes, name:"C:\TCAFiles\Users\ted\153052\mpmissions\hardcore.namalsk\storage_1\data\dynamic_010.001"
 7:58:54.738 [CE][Storage] ver:25 stamp:4526, valid:yes, name:"C:\TCAFiles\Users\ted\153052\mpmissions\hardcore.namalsk\storage_1\data\dynamic_010.002"
 7:58:54.738 [CE][Storage] Restoring file "C:\TCAFiles\Users\ted\153052\mpmissions\hardcore.namalsk\storage_1\data\dynamic_010.bin" 52 items.
 7:58:54.784   52 items loaded. (0 failed)
 7:58:54.785 [CE][Storage] ver:25 stamp:4527, valid:yes, name:"C:\TCAFiles\Users\ted\153052\mpmissions\hardcore.namalsk\storage_1\data\dynamic_011.bin"
 7:58:54.785 [CE][Storage] ver:25 stamp:4525, valid:yes, name:"C:\TCAFiles\Users\ted\153052\mpmissions\hardcore.namalsk\storage_1\data\dynamic_011.001"
 7:58:54.785 [CE][Storage] ver:25 stamp:4526, valid:yes, name:"C:\TCAFiles\Users\ted\153052\mpmissions\hardcore.namalsk\storage_1\data\dynamic_011.002"
 7:58:54.786 [CE][Storage] Restoring file "C:\TCAFiles\Users\ted\153052\mpmissions\hardcore.namalsk\storage_1\data\dynamic_011.bin" 37 items.
 7:58:54.818   37 items loaded. (0 failed)
 7:58:54.818 [CE][Storage] ver:26 stamp:4527, valid:yes, name:"C:\TCAFiles\Users\ted\153052\mpmissions\hardcore.namalsk\storage_1\data\building.bin"
 7:58:54.819 [CE][Storage] ver:26 stamp:4525, valid:yes, name:"C:\TCAFiles\Users\ted\153052\mpmissions\hardcore.namalsk\storage_1\data\building.001"
 7:58:54.819 [CE][Storage] ver:26 stamp:4526, valid:yes, name:"C:\TCAFiles\Users\ted\153052\mpmissions\hardcore.namalsk\storage_1\data\building.002"
 7:58:54.819 [CE][Storage] Restoring file "C:\TCAFiles\Users\ted\153052\mpmissions\hardcore.namalsk\storage_1\data\building.bin" 0 items.
 7:58:54.819   0 items loaded. (0 failed)
 7:58:54.820 [CE][Storage] ver:25 stamp:4527, valid:yes, name:"C:\TCAFiles\Users\ted\153052\mpmissions\hardcore.namalsk\storage_1\data\vehicles.bin"
 7:58:54.820 [CE][Storage] ver:25 stamp:4525, valid:yes, name:"C:\TCAFiles\Users\ted\153052\mpmissions\hardcore.namalsk\storage_1\data\vehicles.001"
 7:58:54.821 [CE][Storage] ver:25 stamp:4526, valid:yes, name:"C:\TCAFiles\Users\ted\153052\mpmissions\hardcore.namalsk\storage_1\data\vehicles.002"
 7:58:54.821 [CE][Storage] Restoring file "C:\TCAFiles\Users\ted\153052\mpmissions\hardcore.namalsk\storage_1\data\vehicles.bin" 80 items.
 7:58:54.991   80 items loaded. (0 failed)
 7:58:54.997 [CE][Hive] :: Storage load took:4.27 seconds, recovery stamp:4527
 7:58:54.997   entity: 5922, building: 0
 7:58:54.997   no lifetime: 30
 7:58:54.997   pathgraph's: 166
 7:58:54.998 [CE][Hive] :: Initializing ... 
 7:58:55.11 [CE][InitializeMap] :: initialized: 0
 7:58:55.11 [CE][Hive] :: Initializing spawners ... 
 7:58:55.21 [CE][LootRespawner] (PRIDummy) :: Item [0] causing search overtime: "Epinephrine"
 7:58:55.61 [CE][LootRespawner] (PRIDummy) :: Item [1] causing search overtime: "dzn_platecarrierpouches_nac"
 7:58:55.66 [CE][LootRespawner] (PRIDummy) :: Item [0] is hard to place, performance drops: "dzn_yeger_up_woodl"
 7:58:55.78 [CE][LootRespawner] (PRIDummy) :: Item [2] causing search overtime: "DuctTape"
 7:58:55.80 [CE][LootRespawner] (PRIDummy) :: Item [1] is hard to place, performance drops: "BomberJacket_SkyBlue"
 7:58:55.81 [CE][LootRespawner] (PRIDummy) :: Item [2] is hard to place, performance drops: "BomberJacket_SkyBlue"
 7:58:55.98 [CE][LootRespawner] (PRIDummy) :: Item [3] causing search overtime: "dzn_apsi"
 7:58:55.102 [CE][LootRespawner] (PRIDummy) :: Item [3] is hard to place, performance drops: "Jeans_Green"
 7:58:55.131 [CE][LootRespawner] (PRIDummy) :: Item [4] causing search overtime: "ParamedicPants_Blue"
 7:58:55.131 [CE][LootRespawner] (PRIDummy) :: Item [4] is hard to place, performance drops: "JumpsuitPants_Blue"
 7:58:55.139 [CE][LootRespawner] (PRIDummy) :: Item [5] is hard to place, performance drops: "BeanieHat_Blue"
 7:58:55.146 [CE][LootRespawner] (PRIDummy) :: Item [5] causing search overtime: "QuiltedJacket_Orange"
 7:58:55.158 [CE][LootRespawner] (PRIDummy) :: Item [6] is hard to place, performance drops: "Jeans_Grey"
 7:58:55.160 [CE][LootRespawner] (PRIDummy) :: Item [6] causing search overtime: "QuiltedJacket_Blue"
 7:58:55.176 [CE][LootRespawner] (PRIDummy) :: Item [7] is hard to place, performance drops: "ParamedicPants_Green"
 7:58:55.176 [CE][LootRespawner] (PRIDummy) :: Item [8] is hard to place, performance drops: "ParamedicPants_Green"
 7:58:55.176 [CE][LootRespawner] (PRIDummy) :: Item [9] is hard to place, performance drops: "ParamedicPants_Green"
 7:58:55.198 [CE][LootRespawner] (PRIDummy) :: Item [10] is hard to place, performance drops: "NBCPantsGray"
 7:58:55.199 [CE][LootRespawner] (PRIDummy) :: Item [11] is hard to place, performance drops: "JumpsuitPants_Green"
 7:58:55.200 [CE][LootRespawner] (PRIDummy) :: Item [12] is hard to place, performance drops: "PoliceJacketOrel"
 7:58:55.200 [CE][LootRespawner] (PRIDummy) :: Item [13] is hard to place, performance drops: "PoliceJacketOrel"
 7:58:55.205 [CE][LootRespawner] (PRIDummy) :: Item [7] causing search overtime: "BandageDressing"
 7:58:55.205 [CE][LootRespawner] (PRIDummy) :: Item [8] causing search overtime: "BandageDressing"
 7:58:55.222 [CE][LootRespawner] (PRIDummy) :: Item [14] is hard to place, performance drops: "Ushanka_Black"
 7:58:55.235 [CE][LootRespawner] (PRIDummy) :: Item [9] causing search overtime: "dzn_SodaCan_Kvass"
 7:58:55.247 [CE][LootRespawner] (PRIDummy) :: Item [10] causing search overtime: "dzn_detector"
 7:58:55.247 [CE][LootRespawner] (PRIDummy) :: Item [11] causing search overtime: "dzn_detector"
 7:58:55.248 [CE][LootRespawner] (PRIDummy) :: Item [15] is hard to place, performance drops: "ParamedicJacket_Crimson"
 7:58:55.248 [CE][LootRespawner] (PRIDummy) :: Item [16] is hard to place, performance drops: "ParamedicJacket_Crimson"
 7:58:55.248 [CE][LootRespawner] (PRIDummy) :: Item [17] is hard to place, performance drops: "ParamedicJacket_Crimson"
 7:58:55.248 [CE][LootRespawner] (PRIDummy) :: Item [18] is hard to place, performance drops: "ParamedicJacket_Crimson"
 7:58:55.249 [CE][LootRespawner] (PRIDummy) :: Item [19] is hard to place, performance drops: "ParamedicJacket_Crimson"
 7:58:55.249 [CE][LootRespawner] (PRIDummy) :: Item [12] causing search overtime: "ParamedicJacket_Crimson"
 7:58:55.250 [CE][LootRespawner] (PRIDummy) :: Item [13] causing search overtime: "GasMask_Filter"
 7:58:55.262 [CE][LootRespawner] (PRIDummy) :: Item [14] causing search overtime: "NVGoggles"
 7:58:55.270 [CE][LootRespawner] (PRIDummy) :: Item [15] causing search overtime: "Mag_STANAG_30Rnd"
 7:58:55.282 [CE][LootRespawner] (PRIDummy) :: Item [16] causing search overtime: "FirefightersPants_Black"
 7:58:55.291 [CE][LootRespawner] (PRIDummy) :: Item [17] causing search overtime: "Mag_Saiga_Drum20Rnd"
 7:58:55.296 [CE][LootRespawner] (PRIDummy) :: Item [18] causing search overtime: "BloodTestKit"
 7:58:55.296 [CE][LootRespawner] (PRIDummy) :: Item [19] causing search overtime: "BloodTestKit"
 7:58:55.386 !!! [CE][Point] Removing 5032.167480, 8197.083984 from land_wrecked_ural_onside
 7:58:55.757 [CE][LootRespawner] (PRIDummy) :: Initially (re)spawned:2913, Nominal:12230, Total in Map: 8262 at 0 (sec)
 7:58:55.757   tests:3167, repeats:0 fails:254, overtime:950
 7:58:56.728 [CE][DynEvent] :: 25 types
 7:58:56.728 [00] AnimalRaptor1
 7:58:56.728   Primary Spawner: "Animal", active: yes, repeat: 1
 7:58:56.728 [01] AnimalRaptor1B
 7:58:56.728   Primary Spawner: "Animal", active: yes, repeat: 1
 7:58:56.728 [02] AnimalRaptor1C
 7:58:56.728   Primary Spawner: "Animal", active: yes, repeat: 1
 7:58:56.728 [03] AnimalRaptor2
 7:58:56.728   Primary Spawner: "Animal", active: yes, repeat: 1
 7:58:56.728 [04] AnimalRaptor3
 7:58:56.728   Primary Spawner: "Animal", active: yes, repeat: 1
 7:58:56.728 [05] AnimalRaptor4
 7:58:56.728   Primary Spawner: "Animal", active: yes, repeat: 1
 7:58:56.728 [06] Loot
 7:58:56.728   Primary Spawner: "Loot", active: yes, repeat: 2
 7:58:56.728 [07] StaticMedDrop
 7:58:56.728   Primary Spawner: "Static", active: yes, repeat: 1
 7:58:56.728 [08] StaticLifeboat
 7:58:56.728   Primary Spawner: "Static", active: yes, repeat: 1
 7:58:56.728 [09] TrajectoryStones
 7:58:56.728   Primary Spawner: "Trajectory", active: yes, repeat: 1
 7:58:56.728 [10] AnimalWildDog
 7:58:56.728   Primary Spawner: "Animal", active: yes, repeat: 1
 7:58:56.728 [11] InfectedSanta
 7:58:56.728   Primary Spawner: "Infected", active: yes, repeat: 1
 7:58:56.728 [12] InfectedArmy
 7:58:56.728   Primary Spawner: "Infected", active: yes, repeat: 1
 7:58:56.728 [13] InfectedIndustrial
 7:58:56.728   Primary Spawner: "Infected", active: yes, repeat: 1
 7:58:56.728 [14] InfectedCivil
 7:58:56.728   Primary Spawner: "Infected", active: yes, repeat: 1
 7:58:56.728 [15] InfectedMedic
 7:58:56.728   Primary Spawner: "Infected", active: yes, repeat: 1
 7:58:56.728 [16] AnimalGoat
 7:58:56.728   Primary Spawner: "Animal", active: yes, repeat: 1
 7:58:56.728 [17] AnimalSheep
 7:58:56.728   Primary Spawner: "Animal", active: yes, repeat: 1
 7:58:56.728 [18] AnimalRoeDeer
 7:58:56.728   Primary Spawner: "Animal", active: yes, repeat: 1
 7:58:56.728 [19] AnimalDeer
 7:58:56.728   Primary Spawner: "Animal", active: yes, repeat: 1
 7:58:56.728 [20] AnimalWildBoar
 7:58:56.728   Primary Spawner: "Animal", active: yes, repeat: 1
 7:58:56.728 [21] AnimalWolf
 7:58:56.728   Primary Spawner: "Animal", active: yes, repeat: 1
 7:58:56.728 [22] AnimalBrownBear
 7:58:56.728   Primary Spawner: "Animal", active: yes, repeat: 1
 7:58:56.728 [23] AnimalPolarBear
 7:58:56.728   Primary Spawner: "Animal", active: yes, repeat: 1
 7:58:56.728 [24] VehicleCivilianCars
 7:58:56.728   Primary Spawner: "Vehicle", active: yes, repeat: 1
 7:58:56.728 [CE][Hive] :: Initializing of spawners done.
 7:58:56.733 [CE][Hive] :: Init sequence finished.
 7:58:59.29 [CE][MapExport] :: entity found:12217, entity valid:1644, types total:261... took 2 sec
 7:58:59.31 Player connect enabled
 7:58:59.169 [Login]: Adding player FourAMbayBridge (220734942) to login queue at position 0
 7:58:59.170 [Login]: Adding player Teddybear (1330623539) to login queue at position 1
 7:58:59.170 [LoginMachine]: Add player FourAMbayBridge (220734942 24.69.196.180:2324)
 7:58:59.170 [StateMachine]: Player FourAMbayBridge (dpnid 220734942 uid ) Entering AuthPlayerLoginState
 7:58:59.170 [LoginMachine]: Add player Teddybear (1330623539 71.1.250.54:2324)
 7:58:59.170 [StateMachine]: Player Teddybear (dpnid 1330623539 uid ) Entering AuthPlayerLoginState
 7:59:00.173 [StateMachine]: Player FourAMbayBridge (dpnid 220734942 uid ) Entering WaitAuthPlayerLoginState
 7:59:00.191 [StateMachine]: Player Teddybear (dpnid 1330623539 uid ) Entering WaitAuthPlayerLoginState
 7:59:02.572 Player Teddybear connected (id=Q74fxPdlRt8xzaRnXB-9fMyQ9RnGUPZVj3H_Kuu3Hsc=).
 7:59:02.572 Player "Teddybear" is connected (steamID=76561198190486863)
 7:59:02.572 Player FourAMbayBridge connected (id=_85ITulioFbSK1XU1PPnczmphxWeQu6dUknni98sEmw=).
 7:59:02.572 Player "FourAMbayBridge" is connected (steamID=76561199498715649)
 7:59:02.573 [StateMachine]: Player FourAMbayBridge (dpnid 220734942 uid ) Entering WaitPlayerAssignedLoginState
 7:59:02.573 [StateMachine]: Player Teddybear (dpnid 1330623539 uid ) Entering WaitPlayerAssignedLoginState
 7:59:05.151 [StateMachine]: Player FourAMbayBridge (dpnid 220734942 uid _85ITulioFbSK1XU1PPnczmphxWeQu6dUknni98sEmw=) Entering DBGetLoginTimeLoginState
 7:59:05.152 [StateMachine]: Player FourAMbayBridge (dpnid 220734942 uid _85ITulioFbSK1XU1PPnczmphxWeQu6dUknni98sEmw=) Entering DBWaitLoginTimeLoginState
 7:59:06.524 [StateMachine]: Player Teddybear (dpnid 1330623539 uid Q74fxPdlRt8xzaRnXB-9fMyQ9RnGUPZVj3H_Kuu3Hsc=) Entering DBGetLoginTimeLoginState
 7:59:06.525 [StateMachine]: Player Teddybear (dpnid 1330623539 uid Q74fxPdlRt8xzaRnXB-9fMyQ9RnGUPZVj3H_Kuu3Hsc=) Entering DBWaitLoginTimeLoginState
 7:59:20.153 [StateMachine]: Player FourAMbayBridge (dpnid 220734942 uid _85ITulioFbSK1XU1PPnczmphxWeQu6dUknni98sEmw=) Entering DBGetCharacterLoginState
 7:59:20.154 [StateMachine]: Player FourAMbayBridge (dpnid 220734942 uid _85ITulioFbSK1XU1PPnczmphxWeQu6dUknni98sEmw=) Entering CreateNetObjectsLoginState
 7:59:20.155 [StateMachine]: Player FourAMbayBridge (dpnid 220734942 uid _85ITulioFbSK1XU1PPnczmphxWeQu6dUknni98sEmw=) Entering PreloadCamLoginState
 7:59:20.155 [StateMachine]: Player FourAMbayBridge (dpnid 220734942 uid _85ITulioFbSK1XU1PPnczmphxWeQu6dUknni98sEmw=) Entering WaitPreloadCamLoginState
 7:59:21.483 [StateMachine]: Player FourAMbayBridge (dpnid 220734942 uid _85ITulioFbSK1XU1PPnczmphxWeQu6dUknni98sEmw=) Entering GetLoadedCharLoginState
 7:59:24.752 <LOAD EXISTING CHAR>:
    charID 7
    playerID 7
    dpnid 220734942
    uid _85ITulioFbSK1XU1PPnczmphxWeQu6dUknni98sEmw=
 7:59:24.752 [StateMachine]: Player Teddybear (dpnid 1330623539 uid Q74fxPdlRt8xzaRnXB-9fMyQ9RnGUPZVj3H_Kuu3Hsc=) Entering DBGetCharacterLoginState
 7:59:24.763 [StateMachine]: Player Teddybear (dpnid 1330623539 uid Q74fxPdlRt8xzaRnXB-9fMyQ9RnGUPZVj3H_Kuu3Hsc=) Entering CreateNetObjectsLoginState
 7:59:24.765 [StateMachine]: Player Teddybear (dpnid 1330623539 uid Q74fxPdlRt8xzaRnXB-9fMyQ9RnGUPZVj3H_Kuu3Hsc=) Entering PreloadCamLoginState
 7:59:24.766 [StateMachine]: Player Teddybear (dpnid 1330623539 uid Q74fxPdlRt8xzaRnXB-9fMyQ9RnGUPZVj3H_Kuu3Hsc=) Entering WaitPreloadCamLoginState
 7:59:26.646 [StateMachine]: Player Teddybear (dpnid 1330623539 uid Q74fxPdlRt8xzaRnXB-9fMyQ9RnGUPZVj3H_Kuu3Hsc=) Entering GetLoadedCharLoginState
 7:59:26.680 <LOAD EXISTING CHAR>:
    charID 1
    playerID 1
    dpnid 1330623539
    uid Q74fxPdlRt8xzaRnXB-9fMyQ9RnGUPZVj3H_Kuu3Hsc=
 8:37:57.942 [CE][Links] found 0 total links between groups, of 1
 8:37:57.942 [CE][SpawnRandomLoot] (StaticMedDrop) :: Type: Misc_cargo_cont_net1, lootmin: 8, lootmax: 8, wanted: 8, deloot: 2, containermaxsum: 6
 8:37:57.942 [CE][SpawnRandomLoot] (StaticMedDrop) :: Type: Misc_cargo_cont_net1 :: !!! Sum of container LootMax is lower than event child LootMax (6 < 8)
 8:37:57.942 [CE][SpawnRandomLoot] (StaticMedDrop) :: Type: Misc_cargo_cont_net1 :: !!! Wanting to spawn more loot than possible (8 > 6)
 8:37:57.945 [CE][Links] found 0 total links between groups, of 2
 8:37:57.945 [CE][SpawnRandomLoot] (StaticMedDrop) :: Type: Misc_cargo_cont_net1, lootmin: 8, lootmax: 8, wanted: 8, deloot: 2, containermaxsum: 6
 8:37:57.945 [CE][SpawnRandomLoot] (StaticMedDrop) :: Type: Misc_cargo_cont_net1 :: !!! Sum of container LootMax is lower than event child LootMax (6 < 8)
 8:37:57.945 [CE][SpawnRandomLoot] (StaticMedDrop) :: Type: Misc_cargo_cont_net1 :: !!! Wanting to spawn more loot than possible (8 > 6)
 8:37:57.948 [CE][Links] found 0 total links between groups, of 3
 8:37:57.948 [CE][SpawnRandomLoot] (StaticMedDrop) :: Type: Misc_cargo_cont_net1, lootmin: 8, lootmax: 8, wanted: 8, deloot: 2, containermaxsum: 6
 8:37:57.948 [CE][SpawnRandomLoot] (StaticMedDrop) :: Type: Misc_cargo_cont_net1 :: !!! Sum of container LootMax is lower than event child LootMax (6 < 8)
 8:37:57.948 [CE][SpawnRandomLoot] (StaticMedDrop) :: Type: Misc_cargo_cont_net1 :: !!! Wanting to spawn more loot than possible (8 > 6)
 8:37:57.951 [CE][Links] found 0 total links between groups, of 4
 8:37:57.951 [CE][SpawnRandomLoot] (StaticMedDrop) :: Type: Misc_cargo_cont_net1, lootmin: 8, lootmax: 8, wanted: 8, deloot: 2, containermaxsum: 6
 8:37:57.951 [CE][SpawnRandomLoot] (StaticMedDrop) :: Type: Misc_cargo_cont_net1 :: !!! Sum of container LootMax is lower than event child LootMax (6 < 8)
 8:37:57.951 [CE][SpawnRandomLoot] (StaticMedDrop) :: Type: Misc_cargo_cont_net1 :: !!! Wanting to spawn more loot than possible (8 > 6)
 8:37:57.954 [CE][Links] found 0 total links between groups, of 5
 8:37:57.954 [CE][SpawnRandomLoot] (StaticMedDrop) :: Type: Misc_cargo_cont_net1, lootmin: 8, lootmax: 8, wanted: 8, deloot: 2, containermaxsum: 6
 8:37:57.955 [CE][SpawnRandomLoot] (StaticMedDrop) :: Type: Misc_cargo_cont_net1 :: !!! Sum of container LootMax is lower than event child LootMax (6 < 8)
 8:37:57.955 [CE][SpawnRandomLoot] (StaticMedDrop) :: Type: Misc_cargo_cont_net1 :: !!! Wanting to spawn more loot than possible (8 > 6)
 8:37:57.958 [CE][Links] found 0 total links between groups, of 6
 8:37:57.958 [CE][SpawnRandomLoot] (StaticMedDrop) :: Type: Misc_cargo_cont_net1, lootmin: 8, lootmax: 8, wanted: 8, deloot: 2, containermaxsum: 6
 8:37:57.958 [CE][SpawnRandomLoot] (StaticMedDrop) :: Type: Misc_cargo_cont_net1 :: !!! Sum of container LootMax is lower than event child LootMax (6 < 8)
 8:37:57.958 [CE][SpawnRandomLoot] (StaticMedDrop) :: Type: Misc_cargo_cont_net1 :: !!! Wanting to spawn more loot than possible (8 > 6)
 8:39:45.242 [CE][Links] found 0 total links between groups, of 7
 8:39:45.242 [CE][SpawnRandomLoot] (StaticLifeboat) :: Type: sea_oilrig_lifeboat, lootmin: 4, lootmax: 5, wanted: 4, deloot: 2, containermaxsum: 5
 8:39:45.243 [CE][SpawnRandomLoot] (StaticLifeboat) :: No item found to spawn for DE! Spawned: 2 / 4 (enable log_ce_dynamicevent to see item lists for event)
 8:44:22.269 [Login]: Adding player Dsve (24119295) to login queue at position 0
 8:44:22.269 [LoginMachine]: Add player Dsve (24119295 86.160.73.54:2324)
 8:44:22.269 [StateMachine]: Player Dsve (dpnid 24119295 uid ) Entering AuthPlayerLoginState
 8:44:23.604 [StateMachine]: Player Dsve (dpnid 24119295 uid ) Entering WaitAuthPlayerLoginState
 8:44:26.16 Player Dsve connected (id=Qic5SNTY0BT56kizrfXRYlHdsMcCf1qvkmGKZpEzevE=).
 8:44:26.16 Player "Dsve" is connected (steamID=76561198135230420)
 8:44:26.16 [StateMachine]: Player Dsve (dpnid 24119295 uid ) Entering WaitPlayerAssignedLoginState
 8:44:26.455 [StateMachine]: Player Dsve (dpnid 24119295 uid Qic5SNTY0BT56kizrfXRYlHdsMcCf1qvkmGKZpEzevE=) Entering DBGetLoginTimeLoginState
 8:44:26.458 [StateMachine]: Player Dsve (dpnid 24119295 uid Qic5SNTY0BT56kizrfXRYlHdsMcCf1qvkmGKZpEzevE=) Entering DBWaitLoginTimeLoginState
 8:44:41.459 [StateMachine]: Player Dsve (dpnid 24119295 uid Qic5SNTY0BT56kizrfXRYlHdsMcCf1qvkmGKZpEzevE=) Entering DBGetCharacterLoginState
 8:44:41.460 [StateMachine]: Player Dsve (dpnid 24119295 uid Qic5SNTY0BT56kizrfXRYlHdsMcCf1qvkmGKZpEzevE=) Entering CreateNetObjectsLoginState
 8:44:41.462 [StateMachine]: Player Dsve (dpnid 24119295 uid Qic5SNTY0BT56kizrfXRYlHdsMcCf1qvkmGKZpEzevE=) Entering PreloadCamLoginState
 8:44:41.462 [StateMachine]: Player Dsve (dpnid 24119295 uid Qic5SNTY0BT56kizrfXRYlHdsMcCf1qvkmGKZpEzevE=) Entering WaitPreloadCamLoginState
 8:44:46.823 [StateMachine]: Player Dsve (dpnid 24119295 uid Qic5SNTY0BT56kizrfXRYlHdsMcCf1qvkmGKZpEzevE=) Entering GetLoadedCharLoginState
 8:44:46.849 <LOAD EXISTING CHAR>:
    charID 5
    playerID 5
    dpnid 24119295
    uid Qic5SNTY0BT56kizrfXRYlHdsMcCf1qvkmGKZpEzevE=
 8:54:44.679 Respawn: Add player Dsve (24119295) to respawn machine
 8:54:44.679 [StateMachine]: Player Dsve (dpnid 24119295 uid ) Entering GetCharacterRespawnState
 8:54:44.679 [StateMachine]: Player Dsve (dpnid 24119295 uid ) Entering PreloadCamRespawnState
 8:54:44.679 [StateMachine]: Player Dsve (dpnid 24119295 uid ) Entering WaitPreloadCamRespawnState
 8:54:45.724 [StateMachine]: Player Dsve (dpnid 24119295 uid ) Entering GetNewCharRespawnState
 8:54:45.734 <RESPAWN NEW CHAR>:
    charID 5
    playerID 5
    dpnid 24119295
    uid Qic5SNTY0BT56kizrfXRYlHdsMcCf1qvkmGKZpEzevE=
 8:58:36.812 [Login]: Adding player Dsve (876642658) to login queue at position 0
 8:58:36.873 [LoginMachine]: Add player Dsve (876642658 86.160.73.54:1024)
 8:58:36.873 [StateMachine]: Player Dsve (dpnid 876642658 uid ) Entering AuthPlayerLoginState
 8:58:36.875 [Disconnect]: No packets from 24119295
 8:58:36.875 Player Dsve (24119295) kicked from server: 4 (Connection with host has been lost.)
 8:58:36.884 [Disconnect]: Client 24119295 early disconnect
 8:58:37.165 [Disconnect]: Start script disconnect 24119295 (dbCharacterId 5 dbPlayerId 5) logoutTime 15
 8:58:44.126 [Disconnect]: Remove player info 24119295
 8:58:44.411 [Disconnect]: Player destroy 24119295 
 8:58:55.499 [Disconnect]: No packets from 876642658
 8:58:55.499 Player Unknown (876642658) kicked from server: 4 (Connection with host has been lost.)
 8:58:55.508 [Disconnect]: Client 876642658 early disconnect
 8:58:55.518 [Disconnect]: Finish script disconnect -1 (Qic5SNTY0BT56kizrfXRYlHdsMcCf1qvkmGKZpEzevE=)
 8:58:55.657 [Disconnect]: No identity -> remove player info 876642658 
 8:58:55.657 [LoginMachine]: Force remove player Dsve (876642658)
 8:58:55.657 [Disconnect]: DisconnectPlayerFinish 876642658
 8:58:55.657 [Disconnect]: Remove player info 876642658
 8:58:55.661 [Disconnect]: Player destroy 876642658 
 8:59:03.481 [Login]: Adding player Dsve (901034803) to login queue at position 0
 8:59:03.491 [LoginMachine]: Add player Dsve (901034803 86.160.73.54:2324)
 8:59:03.491 [StateMachine]: Player Dsve (dpnid 901034803 uid ) Entering AuthPlayerLoginState
 8:59:12.251 [StateMachine]: Player Dsve (dpnid 901034803 uid ) Entering WaitAuthPlayerLoginState
 8:59:15.334 Player Dsve connected (id=Qic5SNTY0BT56kizrfXRYlHdsMcCf1qvkmGKZpEzevE=).
 8:59:15.334 Player "Dsve" is connected (steamID=76561198135230420)
 8:59:15.334 [StateMachine]: Player Dsve (dpnid 901034803 uid ) Entering WaitPlayerAssignedLoginState
 8:59:18.84 [StateMachine]: Player Dsve (dpnid 901034803 uid Qic5SNTY0BT56kizrfXRYlHdsMcCf1qvkmGKZpEzevE=) Entering DBGetLoginTimeLoginState
 8:59:18.88 [StateMachine]: Player Dsve (dpnid 901034803 uid Qic5SNTY0BT56kizrfXRYlHdsMcCf1qvkmGKZpEzevE=) Entering DBWaitLoginTimeLoginState
 8:59:33.88 [StateMachine]: Player Dsve (dpnid 901034803 uid Qic5SNTY0BT56kizrfXRYlHdsMcCf1qvkmGKZpEzevE=) Entering DBGetCharacterLoginState
 8:59:33.89 [StateMachine]: Player Dsve (dpnid 901034803 uid Qic5SNTY0BT56kizrfXRYlHdsMcCf1qvkmGKZpEzevE=) Entering CreateNetObjectsLoginState